[    1251ms] [ERROR] SSE connection error: Event @ webpack-internal:///(app-pages-browser)/./node_modules/next/dist/next-devtools/userspace/app/errors/intercept-console-error.js:56
[    1251ms] [ERROR] SSE connection error: Event @ webpack-internal:///(app-pages-browser)/./node_modules/next/dist/next-devtools/userspace/app/errors/intercept-console-error.js:56
[    1575ms] [ERROR] %c%s%c Error generating category metadata: background: #e6e6e6;background: light-dark(rgba(0,0,0,0.1), rgba(255,255,255,0.25));color: #000000;color: light-dark(#000000, #ffffff);border-radius: 2px  Server   Error: Unknown column 'description' in 'field list'
    at Module.generateMetadata (about://React/Server/webpack-internal:///(rsc)/./src/app/category/%5Bcategory_url%5D/layout.tsx?14:11:78)
    at resolveErrorDev (webpack-internal:///(app-pages-browser)/./node_modules/next/dist/compiled/react-server-dom-webpack/cjs/react-server-dom-webpack-client.browser.development.js:2335:46)
    at getOutlinedModel (webpack-internal:///(app-pages-browser)/./node_modules/next/dist/compiled/react-server-dom-webpack/cjs/react-server-dom-webpack-client.browser.development.js:1697:22)
    at parseModelString (webpack-internal:///(app-pages-browser)/./node_modules/next/dist/compiled/react-server-dom-webpack/cjs/react-server-dom-webpack-client.browser.development.js:1898:15)
    at Object.eval (webpack-internal:///(app-pages-browser)/./node_modules/next/dist/compiled/react-server-dom-webpack/cjs/react-server-dom-webpack-client.browser.development.js:2994:18)
    at JSON.parse (<anonymous>)
    at initializeModelChunk (webpack-internal:///(app-pages-browser)/./node_modules/next/dist/compiled/react-server-dom-webpack/cjs/react-server-dom-webpack-client.browser.development.js:1244:26)
    at getOutlinedModel (webpack-internal:///(app-pages-browser)/./node_modules/next/dist/compiled/react-server-dom-webpack/cjs/react-server-dom-webpack-client.browser.development.js:1632:11)
    at parseModelString (webpack-internal:///(app-pages-browser)/./node_modules/next/dist/compiled/react-server-dom-webpack/cjs/react-server-dom-webpack-client.browser.development.js:1991:15)
    at Array.eval (webpack-internal:///(app-pages-browser)/./node_modules/next/dist/compiled/react-server-dom-webpack/cjs/react-server-dom-webpack-client.browser.development.js:2994:18)
    at JSON.parse (<anonymous>)
    at initializeModelChunk (webpack-internal:///(app-pages-browser)/./node_modules/next/dist/compiled/react-server-dom-webpack/cjs/react-server-dom-webpack-client.browser.development.js:1244:26)
    at resolveConsoleEntry (webpack-internal:///(app-pages-browser)/./node_modules/next/dist/compiled/react-server-dom-webpack/cjs/react-server-dom-webpack-client.browser.development.js:2622:13)
    at processFullStringRow (webpack-internal:///(app-pages-browser)/./node_modules/next/dist/compiled/react-server-dom-webpack/cjs/react-server-dom-webpack-client.browser.development.js:2862:11)
    at processFullBinaryRow (webpack-internal:///(app-pages-browser)/./node_modules/next/dist/compiled/react-server-dom-webpack/cjs/react-server-dom-webpack-client.browser.development.js:2764:7)
    at processBinaryChunk (webpack-internal:///(app-pages-browser)/./node_modules/next/dist/compiled/react-server-dom-webpack/cjs/react-server-dom-webpack-client.browser.development.js:2967:15)
    at progress (webpack-internal:///(app-pages-browser)/./node_modules/next/dist/compiled/react-server-dom-webpack/cjs/react-server-dom-webpack-client.browser.development.js:3231:13) @ webpack-internal:///(app-pages-browser)/./node_modules/next/dist/next-devtools/userspace/app/errors/intercept-console-error.js:56
[    1684ms] TypeError: Cannot read properties of null (reading 'addEventListener')
    at <anonymous>:1:36
    at https://www.googletagmanager.com/gtm.js?id=GTM-WQSRD52:882:429
    at hR (https://www.googletagmanager.com/gtm.js?id=GTM-WQSRD52:884:31)
    at Od.gR (https://www.googletagmanager.com/gtm.js?id=GTM-WQSRD52:881:92)
    at Od.<anonymous> (https://www.googletagmanager.com/gtm.js?id=GTM-WQSRD52:308:187)
    at k.apply (https://www.googletagmanager.com/gtm.js?id=GTM-WQSRD52:234:466)
    at kb (https://www.googletagmanager.com/gtm.js?id=GTM-WQSRD52:197:209)
    at jb (https://www.googletagmanager.com/gtm.js?id=GTM-WQSRD52:196:527)
    at Od.<anonymous> (https://www.googletagmanager.com/gtm.js?id=GTM-WQSRD52:258:473)
    at k.apply (https://www.googletagmanager.com/gtm.js?id=GTM-WQSRD52:234:466)
    at kb (https://www.googletagmanager.com/gtm.js?id=GTM-WQSRD52:197:209)
    at k.qq (https://www.googletagmanager.com/gtm.js?id=GTM-WQSRD52:199:117)
    at yf (https://www.googletagmanager.com/gtm.js?id=GTM-WQSRD52:269:960)
    at https://www.googletagmanager.com/gtm.js?id=GTM-WQSRD52:754:315
    at xg (https://www.googletagmanager.com/gtm.js?id=GTM-WQSRD52:289:477)
    at e (https://www.googletagmanager.com/gtm.js?id=GTM-WQSRD52:693:230)
    at https://www.googletagmanager.com/gtm.js?id=GTM-WQSRD52:203:125
    at Array.<anonymous> (https://www.googletagmanager.com/gtm.js?id=GTM-WQSRD52:694:414)
    at Object.execute (https://www.googletagmanager.com/gtm.js?id=GTM-WQSRD52:694:154)
    at $A (https://www.googletagmanager.com/gtm.js?id=GTM-WQSRD52:694:874)
    at dB (https://www.googletagmanager.com/gtm.js?id=GTM-WQSRD52:699:117)
    at wC (https://www.googletagmanager.com/gtm.js?id=GTM-WQSRD52:727:327)
    at yC (https://www.googletagmanager.com/gtm.js?id=GTM-WQSRD52:729:47)
[    1666ms] [WARNING] [Meta pixel] 1138245426635278 is unavailable on this website due to it's traffic permission settings. Go to https://www.facebook.com/business/help/572690630080597 to learn more. @ https://connect.facebook.net/en_US/fbevents.js:175
[    1667ms] [WARNING] [Meta pixel] 1138245426635278 is unavailable on this website due to it's traffic permission settings. Go to https://www.facebook.com/business/help/572690630080597 to learn more. @ https://connect.facebook.net/en_US/fbevents.js:175
[    3193ms] [WARNING] Image with src "https://dashboard.naturalspicesuae.com/uploads/products/thumbnail/1611134269ymlyrrlsdsusldosrmsw.png" was detected as the Largest Contentful Paint (LCP). Please add the "priority" property if this image is above the fold.
Read more: https://nextjs.org/docs/api-reference/next/image#priority @ webpack-internal:///(app-pages-browser)/./node_modules/next/dist/shared/lib/utils/warn-once.js:15
[    3617ms] [WARNING] Image with src "https://dashboard.naturalspicesuae.com/uploads/products/thumbnail/174318046782-80a8ta8t822aa8Aa0.08" was detected as the Largest Contentful Paint (LCP). Please add the "priority" property if this image is above the fold.
Read more: https://nextjs.org/docs/api-reference/next/image#priority @ webpack-internal:///(app-pages-browser)/./node_modules/next/dist/shared/lib/utils/warn-once.js:15
[  121939ms] [WARNING] [Meta pixel] 1138245426635278 is unavailable on this website due to it's traffic permission settings. Go to https://www.facebook.com/business/help/572690630080597 to learn more. @ https://connect.facebook.net/en_US/fbevents.js:175
[  135747ms] [WARNING] [Meta pixel] 1138245426635278 is unavailable on this website due to it's traffic permission settings. Go to https://www.facebook.com/business/help/572690630080597 to learn more. @ https://connect.facebook.net/en_US/fbevents.js:175
[  147577ms] [WARNING] [Meta pixel] 1138245426635278 is unavailable on this website due to it's traffic permission settings. Go to https://www.facebook.com/business/help/572690630080597 to learn more. @ https://connect.facebook.net/en_US/fbevents.js:175
[  159567ms] [WARNING] [Meta pixel] 1138245426635278 is unavailable on this website due to it's traffic permission settings. Go to https://www.facebook.com/business/help/572690630080597 to learn more. @ https://connect.facebook.net/en_US/fbevents.js:175
